#
# There is insufficient memory for the Java Runtime Environment to continue.
# Native memory allocation (mmap) failed to map 132120576 bytes. Error detail: G1 virtual space
# Possible reasons:
#   The system is out of physical RAM or swap space
#   This process is running with CompressedOops enabled, and the Java Heap may be blocking the growth of the native heap
# Possible solutions:
#   Reduce memory load on the system
#   Increase physical memory or swap space
#   Check if swap backing store is full
#   Decrease Java heap size (-Xmx/-Xms)
#   Decrease number of Java threads
#   Decrease Java thread stack sizes (-Xss)
#   Set larger code cache with -XX:ReservedCodeCacheSize=
#   JVM is running with Unscaled Compressed Oops mode in which the Java heap is
#     placed in the first 4GB address space. The Java Heap base address is the
#     maximum limit for the native heap growth. Please use -XX:HeapBaseMinAddress
#     to set the Java Heap base and to place the Java Heap above 4GB virtual address.
# This output file may be truncated or incomplete.
#
#  Out of Memory Error (os_windows.cpp:3707), pid=23956, tid=5932
#
# JRE version:  (23.0.2+9) (build )
# Java VM: OpenJDK 64-Bit Server VM (23.0.2+9, mixed mode, sharing, tiered, compressed oops, compressed class ptrs, g1 gc, windows-amd64)
# No core dump will be written. Minidumps are not enabled by default on client versions of Windows
#

---------------  S U M M A R Y ------------

Command Line: -Dmaven.multiModuleProjectDirectory=D:\STUDY\Automation Api Testing Project\RestfulBooking_Api Testing -Djansi.passthrough=true -Dmaven.home=D:\programs\IntelliJ IDEA Community Edition 2024.2.1\plugins\maven\lib\maven3 -Dclassworlds.conf=D:\programs\IntelliJ IDEA Community Edition 2024.2.1\plugins\maven\lib\maven3\bin\m2.conf -Dmaven.ext.class.path=D:\programs\IntelliJ IDEA Community Edition 2024.2.1\plugins\maven\lib\maven-event-listener.jar -javaagent:D:\programs\IntelliJ IDEA Community Edition 2024.2.1\lib\idea_rt.jar=60551:D:\programs\IntelliJ IDEA Community Edition 2024.2.1\bin -Dfile.encoding=UTF-8 -Dsun.stdout.encoding=UTF-8 -Dsun.stderr.encoding=UTF-8 org.codehaus.classworlds.Launcher -Didea.version=2024.2.1 clean

Host: Intel(R) Core(TM) i5-10200H CPU @ 2.40GHz, 8 cores, 7G,  Windows 11 , 64 bit Build 26100 (10.0.26100.8521)
Time: Fri Jun 19 18:00:57 2026 Egypt Daylight Time elapsed time: 0.026384 seconds (0d 0h 0m 0s)

---------------  T H R E A D  ---------------

Current thread (0x0000020a8f38ff40):  JavaThread "Unknown thread" [_thread_in_vm, id=5932, stack(0x0000007c6e900000,0x0000007c6ea00000) (1024K)]

Stack: [0x0000007c6e900000,0x0000007c6ea00000]
Native frames: (J=compiled Java code, j=interpreted, Vv=VM code, C=native code)
V  [jvm.dll+0x6ef969]  (no source info available)
V  [jvm.dll+0x8e08c3]  (no source info available)
V  [jvm.dll+0x8e2b8e]  (no source info available)
V  [jvm.dll+0x8e3273]  (no source info available)
V  [jvm.dll+0x2858e6]  (no source info available)
V  [jvm.dll+0x6ec1a5]  (no source info available)
V  [jvm.dll+0x6dfe1a]  (no source info available)
V  [jvm.dll+0x367b5a]  (no source info available)
V  [jvm.dll+0x36ff96]  (no source info available)
V  [jvm.dll+0x35c4fe]  (no source info available)
V  [jvm.dll+0x35c798]  (no source info available)
V  [jvm.dll+0x33488c]  (no source info available)
V  [jvm.dll+0x33552e]  (no source info available)
V  [jvm.dll+0x8a6235]  (no source info available)
V  [jvm.dll+0x3c5bc8]  (no source info available)
V  [jvm.dll+0x88ec6c]  (no source info available)
V  [jvm.dll+0x45fc5e]  (no source info available)
V  [jvm.dll+0x461bb1]  (no source info available)
C  [jli.dll+0x52a3]  (no source info available)
C  [ucrtbase.dll+0x2cd30]  (no source info available)
C  [KERNEL32.DLL+0x2e957]  (no source info available)
C  [ntdll.dll+0x87c1c]  (no source info available)

Lock stack of current Java thread (top to bottom):


---------------  P R O C E S S  ---------------

Threads class SMR info:
_java_thread_list=0x00007fff2b4d97e0, length=0, elements={
}

Java Threads: ( => current thread )
Total: 0

Other Threads:
  0x0000020a8f3e60c0 WorkerThread "GC Thread#0"                     [id=3248, stack(0x0000007c6ea00000,0x0000007c6eb00000) (1024K)]
  0x0000020a8f438b80 ConcurrentGCThread "G1 Main Marker"            [id=17092, stack(0x0000007c6eb00000,0x0000007c6ec00000) (1024K)]
  0x0000020a8f43abf0 WorkerThread "G1 Conc#0"                       [id=1340, stack(0x0000007c6ec00000,0x0000007c6ed00000) (1024K)]

[error occurred during error reporting (printing all threads), id 0xc0000005, EXCEPTION_ACCESS_VIOLATION (0xc0000005) at pc=0x00007fff2aba89ca]
VM state: not at safepoint (not fully initialized)

VM Mutex/Monitor currently owned by a thread:  ([mutex/lock_event])
[0x00007fff2b55e0d8] Heap_lock - owner thread: 0x0000020a8f38ff40

Heap address: 0x0000000083800000, size: 1992 MB, Compressed Oops mode: 32-bit

CDS archive(s) mapped at: [0x0000000000000000-0x0000000000000000-0x0000000000000000), size 0, SharedBaseAddress: 0x0000000800000000, ArchiveRelocationMode: 1.
Narrow klass base: 0x0000000000000000, Narrow klass shift: 0, Narrow klass range: 0x0

GC Precious Log:
 CardTable entry size: 512
 Card Set container configuration: InlinePtr #cards 5 size 8 Array Of Cards #cards 10 size 36 Howl #buckets 4 coarsen threshold 1843 Howl Bitmap #cards 512 size 80 coarsen threshold 460 Card regions per heap region 1 cards per card region 2048

Heap:
 garbage-first heap   total reserved 2039808K, committed 0K, used 0K [0x0000000083800000, 0x0000000100000000)
  region size 1024K, 0 young (0K), 0 survivors (0K)

[error occurred during error reporting (printing heap information), id 0xc0000005, EXCEPTION_ACCESS_VIOLATION (0xc0000005) at pc=0x00007fff2afabdb9]
GC Heap History (0 events):
No events

Dll operation events (1 events):
Event: 0.020 Loaded shared library C:\Users\DELL\.jdks\liberica-full-23.0.2\bin\java.dll

Deoptimization events (0 events):
No events

Classes loaded (0 events):
No events

Classes unloaded (0 events):
No events

Classes redefined (0 events):
No events

Internal exceptions (0 events):
No events

VM Operations (0 events):
No events

Memory protections (0 events):
No events

Nmethod flushes (0 events):
No events

Events (0 events):
No events


Dynamic libraries:
0x00007ff733d00000 - 0x00007ff733d0e000 	C:\Users\DELL\.jdks\liberica-full-23.0.2\bin\java.exe
0x00007ff81d980000 - 0x00007ff81dbe6000 	C:\WINDOWS\SYSTEM32\ntdll.dll
0x00007ff81c550000 - 0x00007ff81c619000 	C:\WINDOWS\System32\KERNEL32.DLL
0x00007ff81aec0000 - 0x00007ff81b2ba000 	C:\WINDOWS\System32\KERNELBASE.dll
0x00007ff81b570000 - 0x00007ff81b6bc000 	C:\WINDOWS\System32\ucrtbase.dll
0x00007ff8073c0000 - 0x00007ff8073db000 	C:\Users\DELL\.jdks\liberica-full-23.0.2\bin\VCRUNTIME140.dll
0x00007ff806660000 - 0x00007ff806677000 	C:\Users\DELL\.jdks\liberica-full-23.0.2\bin\jli.dll
0x00007ff81c620000 - 0x00007ff81c7e7000 	C:\WINDOWS\System32\USER32.dll
0x00007ffffbcb0000 - 0x00007ffffbf42000 	C:\WINDOWS\WinSxS\amd64_microsoft.windows.common-controls_6595b64144ccf1df_6.0.26100.8521_none_3e08b75ce33403b3\COMCTL32.dll
0x00007ff81c0b0000 - 0x00007ff81c159000 	C:\WINDOWS\System32\msvcrt.dll
0x00007ff81c220000 - 0x00007ff81c24b000 	C:\WINDOWS\System32\GDI32.dll
0x00007ff81b6c0000 - 0x00007ff81b6e7000 	C:\WINDOWS\System32\win32u.dll
0x00007ff81b2c0000 - 0x00007ff81b3eb000 	C:\WINDOWS\System32\gdi32full.dll
0x00007ff81ad80000 - 0x00007ff81ae23000 	C:\WINDOWS\System32\msvcp_win.dll
0x00007ff81c270000 - 0x00007ff81c2a2000 	C:\WINDOWS\System32\IMM32.DLL
0x00007ff815ca0000 - 0x00007ff815cac000 	C:\Users\DELL\.jdks\liberica-full-23.0.2\bin\vcruntime140_1.dll
0x00007fffb38f0000 - 0x00007fffb397e000 	C:\Users\DELL\.jdks\liberica-full-23.0.2\bin\msvcp140.dll
0x00007fff2a860000 - 0x00007fff2b63f000 	C:\Users\DELL\.jdks\liberica-full-23.0.2\bin\server\jvm.dll
0x00007ff81c160000 - 0x00007ff81c216000 	C:\WINDOWS\System32\ADVAPI32.dll
0x00007ff81c340000 - 0x00007ff81c3ea000 	C:\WINDOWS\System32\sechost.dll
0x00007ff81d0b0000 - 0x00007ff81d1c8000 	C:\WINDOWS\System32\RPCRT4.dll
0x00007ff81b7d0000 - 0x00007ff81b850000 	C:\WINDOWS\System32\WS2_32.dll
0x00007ff819f00000 - 0x00007ff819f5e000 	C:\WINDOWS\SYSTEM32\POWRPROF.dll
0x00007ff8033e0000 - 0x00007ff803416000 	C:\WINDOWS\SYSTEM32\WINMM.dll
0x00007ff80d740000 - 0x00007ff80d74b000 	C:\WINDOWS\SYSTEM32\VERSION.dll
0x00007ff819dd0000 - 0x00007ff819de4000 	C:\WINDOWS\SYSTEM32\UMPDC.dll
0x00007ff819a10000 - 0x00007ff819a2b000 	C:\WINDOWS\SYSTEM32\kernel.appcore.dll
0x00007ff811e60000 - 0x00007ff811e6a000 	C:\Users\DELL\.jdks\liberica-full-23.0.2\bin\jimage.dll
0x00007ff817ae0000 - 0x00007ff817d22000 	C:\WINDOWS\SYSTEM32\DBGHELP.DLL
0x00007ff81cd20000 - 0x00007ff81d0a3000 	C:\WINDOWS\System32\combase.dll
0x00007ff81b6f0000 - 0x00007ff81b7c9000 	C:\WINDOWS\System32\OLEAUT32.dll
0x00007ffffe6e0000 - 0x00007ffffe71b000 	C:\WINDOWS\SYSTEM32\dbgcore.DLL
0x00007ff81ac10000 - 0x00007ff81acb8000 	C:\WINDOWS\System32\bcryptPrimitives.dll
0x00007ff811fa0000 - 0x00007ff811faf000 	C:\Users\DELL\.jdks\liberica-full-23.0.2\bin\instrument.dll
0x00007ff802300000 - 0x00007ff80231e000 	C:\Users\DELL\.jdks\liberica-full-23.0.2\bin\java.dll
0x00007ff81c810000 - 0x00007ff81c9a8000 	C:\WINDOWS\System32\ole32.dll
0x00007ff81b920000 - 0x00007ff81c0a4000 	C:\WINDOWS\System32\SHELL32.dll

dbghelp: loaded successfully - version: 4.0.5 - missing functions: none
symbol engine: initialized successfully - sym options: 0x614 - pdb path: .;C:\Users\DELL\.jdks\liberica-full-23.0.2\bin;C:\WINDOWS\SYSTEM32;C:\WINDOWS\WinSxS\amd64_microsoft.windows.common-controls_6595b64144ccf1df_6.0.26100.8521_none_3e08b75ce33403b3;C:\Users\DELL\.jdks\liberica-full-23.0.2\bin\server

VM Arguments:
jvm_args: -Dmaven.multiModuleProjectDirectory=D:\STUDY\Automation Api Testing Project\RestfulBooking_Api Testing -Djansi.passthrough=true -Dmaven.home=D:\programs\IntelliJ IDEA Community Edition 2024.2.1\plugins\maven\lib\maven3 -Dclassworlds.conf=D:\programs\IntelliJ IDEA Community Edition 2024.2.1\plugins\maven\lib\maven3\bin\m2.conf -Dmaven.ext.class.path=D:\programs\IntelliJ IDEA Community Edition 2024.2.1\plugins\maven\lib\maven-event-listener.jar -javaagent:D:\programs\IntelliJ IDEA Community Edition 2024.2.1\lib\idea_rt.jar=60551:D:\programs\IntelliJ IDEA Community Edition 2024.2.1\bin -Dfile.encoding=UTF-8 -Dsun.stdout.encoding=UTF-8 -Dsun.stderr.encoding=UTF-8 
java_command: org.codehaus.classworlds.Launcher -Didea.version=2024.2.1 clean
java_class_path (initial): D:\programs\IntelliJ IDEA Community Edition 2024.2.1\plugins\maven\lib\maven3\boot\plexus-classworlds-2.8.0.jar;D:\programs\IntelliJ IDEA Community Edition 2024.2.1\plugins\maven\lib\maven3\boot\plexus-classworlds.license
Launcher Type: SUN_STANDARD

[Global flags]
     intx CICompilerCount                          = 4                                         {product} {ergonomic}
     uint ConcGCThreads                            = 2                                         {product} {ergonomic}
     uint G1ConcRefinementThreads                  = 8                                         {product} {ergonomic}
   size_t G1HeapRegionSize                         = 1048576                                   {product} {ergonomic}
   size_t InitialHeapSize                          = 132120576                                 {product} {ergonomic}
   size_t MarkStackSize                            = 4194304                                   {product} {ergonomic}
   size_t MarkStackSizeMax                         = 536870912                                 {product} {ergonomic}
   size_t MaxHeapSize                              = 2088763392                                {product} {ergonomic}
   size_t MinHeapDeltaBytes                        = 1048576                                   {product} {ergonomic}
   size_t MinHeapSize                              = 8388608                                   {product} {ergonomic}
    uintx NonNMethodCodeHeapSize                   = 5832704                                {pd product} {ergonomic}
    uintx NonProfiledCodeHeapSize                  = 122945536                              {pd product} {ergonomic}
    uintx ProfiledCodeHeapSize                     = 122880000                              {pd product} {ergonomic}
    uintx ReservedCodeCacheSize                    = 251658240                              {pd product} {ergonomic}
     bool SegmentedCodeCache                       = true                                      {product} {ergonomic}
   size_t SoftMaxHeapSize                          = 2088763392                             {manageable} {ergonomic}
     bool UseCompressedOops                        = true                           {product lp64_product} {ergonomic}
     bool UseG1GC                                  = true                                      {product} {ergonomic}
     bool UseLargePagesIndividualAllocation        = false                                  {pd product} {ergonomic}

Logging:
Log output configuration:
 #0: stdout all=warning uptime,level,tags foldmultilines=false
 #1: stderr all=off uptime,level,tags foldmultilines=false

Environment Variables:
PATH=C:\Program Files\Common Files\Oracle\Java\javapath;C:\Program Files (x86)\Siemens\Automation\SCADA-RT_V11\WinCC\Bin;C:\Program Files\Common Files\Siemens\Automation\Simatic OAM\bin;C:\Program Files (x86)\Common Files\Siemens\Bin;C:\Program Files (x86)\Common Files\Siemens\CommonArchiving;C:\Program Files (x86)\Common Files\Siemens\ACE\Bin;C:\Program Files (x86)\NVIDIA Corporation\PhysX\Common;C:\Windows\system32;C:\Windows;C:\Windows\System32\Wbem;C:\Windows\System32\WindowsPowerShell\v1.0\;C:\Windows\System32\OpenSSH\;C:\WINDOWS\system32;C:\WINDOWS;C:\WINDOWS\System32\Wbem;C:\WINDOWS\System32\WindowsPowerShell\v1.0\;C:\WINDOWS\System32\OpenSSH\;C:\Program Files\dotnet\;C:\Program Files (x86)\Windows Kits\8.1\Windows Performance Toolkit\;C:\Program Files\Microsoft SQL Server\Client SDK\ODBC\110\Tools\Binn\;C:\Program Files (x86)\Microsoft SQL Server\120\Tools\Binn\;C:\Program Files\Microsoft SQL Server\120\Tools\Binn\;C:\Program Files\Microsoft SQL Server\120\DTS\Binn\;c:\Program Files (x86)\Microsoft SQL Server\100\Tools\Binn\;c:\Program Files\Microsoft SQL Server\100\Tools\Binn\;c:\Program Files\Microsoft SQL Server\100\DTS\Binn\;C:\Program Files\PKWARE\pkzipc;C:\Program Files\Git\cmd;C:\Program Files (x86)\GitExtensions\;C:\Program Files\CodeBlocks\MinGW\bin;C:\Program Files\CMake\bin;C:\Program Files (x86)\Microsoft SQL Server\Client SDK\ODBC\110\Tools\Binn\;C:\Program Files (x86)\Microsoft SQL Server\120\DTS\Binn\;C:\Program Files (x86)\Siemens\Automation\SCADA-RT_V11\WinCC\Interfaces;C:\Program Files (x86)\Common Files\Siemens\;C:\Program Files (x86)\Common Files\Siemens\Interfaces;C:\Program Files (x86)\Common Files\Siemens\ACE\Interfaces;C:\msys64\mingw64\bin;C:\Program Files (x86)\Windows Kits\10\Windows Performance Toolkit\;C:\Program Files\NVIDIA Corporation\NVIDIA app\NvDLISR;C:\MinGW\bin;C:\Program Files (x86)\Microsoft SQL Server\170\Tools\Binn\;C:\Program Files\Microsoft SQL Server\170\Tools\Binn\;C:\Program Files\Microsoft SQL Server\Client SDK\ODBC\180\Tools\Binn\;C:\Program Files\Microsoft SQL Server\170\DTS\Binn\;D:\;C:\Program Files\JetBrains\IntelliJ IDEA\plugins\maven\lib\maven3\bin;C:\Users\DELL\AppData\Local\Microsoft\WindowsApps;C:\Users\DELL\AppData\Local\Programs\Microsoft VS Code\bin;C:\Users\DELL\AppData\Local\Python\bin;C:\Users\DELL\AppData\Local\Microsoft\WindowsApps\python.exe;C:\Users\DELL\AppData\Roaming\npm
USERNAME=DELL
OS=Windows_NT
PROCESSOR_IDENTIFIER=Intel64 Family 6 Model 165 Stepping 2, GenuineIntel
TMP=C:\Users\DELL\AppData\Local\Temp
TEMP=C:\Users\DELL\AppData\Local\Temp




Periodic native trim disabled

---------------  S Y S T E M  ---------------

OS:
 Windows 11 , 64 bit Build 26100 (10.0.26100.8521)
OS uptime: 0 days 2:29 hours
Hyper-V role detected

CPU: total 8 (initial active 8) (4 cores per cpu, 2 threads per core) family 6 model 165 stepping 2 microcode 0x100, cx8, cmov, fxsr, ht, mmx, 3dnowpref, sse, sse2, sse3, ssse3, sse4.1, sse4.2, popcnt, lzcnt, tsc, tscinvbit, avx, avx2, aes, erms, clmul, bmi1, bmi2, adx, fma, vzeroupper, clflush, clflushopt, hv, rdtscp, f16c
Processor Information for the first 8 processors :
  Max Mhz: 2400, Current Mhz: 2400, Mhz Limit: 2400

Memory: 4k page, system-wide physical 7967M (566M free)
TotalPageFile size 17151M (AvailPageFile size 116M)
current process WorkingSet (physical memory assigned to process): 14M, peak: 14M
current process commit charge ("private bytes"): 61M, peak: 187M

vm_info: OpenJDK 64-Bit Server VM (23.0.2+9) for windows-amd64 JRE (23.0.2+9), built on 2025-01-22T12:12:37Z with MS VC++ 17.1 (VS2022)

END.
