#
# There is insufficient memory for the Java Runtime Environment to continue.
# Native memory allocation (malloc) failed to allocate 32744 bytes. Error detail: Chunk::new
# Possible reasons:
#   The system is out of physical RAM or swap space
#   This process is running with CompressedOops enabled, and the Java Heap may be blocking the growth of the native heap
# Possible solutions:
#   Reduce memory load on the system
#   Increase physical memory or swap space
#   Check if swap backing store is full
#   Decrease Java heap size (-Xmx/-Xms)
#   Decrease number of Java threads
#   Decrease Java thread stack sizes (-Xss)
#   Set larger code cache with -XX:ReservedCodeCacheSize=
#   JVM is running with Unscaled Compressed Oops mode in which the Java heap is
#     placed in the first 4GB address space. The Java Heap base address is the
#     maximum limit for the native heap growth. Please use -XX:HeapBaseMinAddress
#     to set the Java Heap base and to place the Java Heap above 4GB virtual address.
# This output file may be truncated or incomplete.
#
#  Out of Memory Error (arena.cpp:149), pid=22408, tid=23832
#
# JRE version: OpenJDK Runtime Environment (23.0.2+9) (build 23.0.2+9)
# Java VM: OpenJDK 64-Bit Server VM (23.0.2+9, mixed mode, sharing, tiered, compressed oops, compressed class ptrs, g1 gc, windows-amd64)
# No core dump will be written. Minidumps are not enabled by default on client versions of Windows
#

---------------  S U M M A R Y ------------

Command Line: -ea -Dallure.results.directory=D:\STUDY\Automation Api Testing Project\RestfulBooking_Api Testing\target/allure-results -javaagent:C:\Users\DELL\.m2\repository/org/aspectj/aspectjweaver/1.9.21/aspectjweaver-1.9.21.jar -Didea.test.cyclic.buffer.size=1048576 -javaagent:D:\programs\IntelliJ IDEA Community Edition 2024.2.1\lib\idea_rt.jar=60546:D:\programs\IntelliJ IDEA Community Edition 2024.2.1\bin -Dfile.encoding=UTF-8 -Dsun.stdout.encoding=UTF-8 -Dsun.stderr.encoding=UTF-8 com.intellij.rt.testng.RemoteTestNGStarter -usedefaultlisteners false -socket60545 @w@C:\Users\DELL\AppData\Local\Temp\idea_working_dirs_testng.tmp -temp C:\Users\DELL\AppData\Local\Temp\idea_testng.tmp

Host: Intel(R) Core(TM) i5-10200H CPU @ 2.40GHz, 8 cores, 7G,  Windows 11 , 64 bit Build 26100 (10.0.26100.8521)
Time: Fri Jun 19 18:00:50 2026 Egypt Daylight Time elapsed time: 1.177349 seconds (0d 0h 0m 1s)

---------------  T H R E A D  ---------------

Current thread (0x000001d64c5098f0):  JavaThread "C2 CompilerThread0" daemon [_thread_in_native, id=23832, stack(0x000000c368b00000,0x000000c368c00000) (1024K)]


Current CompileTask:
C2:1177  871       4       org.aspectj.apache.bcel.classfile.Constant::readConstant (280 bytes)

Stack: [0x000000c368b00000,0x000000c368c00000]
Native frames: (J=compiled Java code, j=interpreted, Vv=VM code, C=native code)
V  [jvm.dll+0x6ef969]  (no source info available)
V  [jvm.dll+0x8e08c3]  (no source info available)
V  [jvm.dll+0x8e2b8e]  (no source info available)
V  [jvm.dll+0x8e3273]  (no source info available)
V  [jvm.dll+0x2858e6]  (no source info available)
V  [jvm.dll+0xbc74f]  (no source info available)
V  [jvm.dll+0xbc9ab]  (no source info available)
V  [jvm.dll+0x3a46ea]  (no source info available)
V  [jvm.dll+0x3a57a4]  (no source info available)
V  [jvm.dll+0x3ad781]  (no source info available)
V  [jvm.dll+0x1cf33a]  (no source info available)
V  [jvm.dll+0x2f917f]  (no source info available)
V  [jvm.dll+0x708ddc]  (no source info available)
V  [jvm.dll+0x701110]  (no source info available)
V  [jvm.dll+0x700547]  (no source info available)
V  [jvm.dll+0x6fe715]  (no source info available)
V  [jvm.dll+0x1ce8cc]  (no source info available)
V  [jvm.dll+0x2f917f]  (no source info available)
V  [jvm.dll+0x708ddc]  (no source info available)
V  [jvm.dll+0x701110]  (no source info available)
V  [jvm.dll+0x700547]  (no source info available)
V  [jvm.dll+0x6fe715]  (no source info available)
V  [jvm.dll+0x1ce8cc]  (no source info available)
V  [jvm.dll+0x2f917f]  (no source info available)
V  [jvm.dll+0x708ddc]  (no source info available)
V  [jvm.dll+0x701110]  (no source info available)
V  [jvm.dll+0x700547]  (no source info available)
V  [jvm.dll+0x6fe715]  (no source info available)
V  [jvm.dll+0x1ce8cc]  (no source info available)
V  [jvm.dll+0x1cf449]  (no source info available)
V  [jvm.dll+0x2f917f]  (no source info available)
V  [jvm.dll+0x708ddc]  (no source info available)
V  [jvm.dll+0x701110]  (no source info available)
V  [jvm.dll+0x700547]  (no source info available)
V  [jvm.dll+0x6fe715]  (no source info available)
V  [jvm.dll+0x1ce8cc]  (no source info available)
V  [jvm.dll+0x2f917f]  (no source info available)
V  [jvm.dll+0x708ddc]  (no source info available)
V  [jvm.dll+0x701110]  (no source info available)
V  [jvm.dll+0x700547]  (no source info available)
V  [jvm.dll+0x6fe715]  (no source info available)
V  [jvm.dll+0x1ce8cc]  (no source info available)
V  [jvm.dll+0x24da6c]  (no source info available)
V  [jvm.dll+0x1cb7ca]  (no source info available)
V  [jvm.dll+0x25dfeb]  (no source info available)
V  [jvm.dll+0x25c2aa]  (no source info available)
V  [jvm.dll+0x3faaf6]  (no source info available)
V  [jvm.dll+0x886a38]  (no source info available)
V  [jvm.dll+0x6ee185]  (no source info available)
C  [ucrtbase.dll+0x2cd30]  (no source info available)
C  [KERNEL32.DLL+0x2e957]  (no source info available)
C  [ntdll.dll+0x87c1c]  (no source info available)

Lock stack of current Java thread (top to bottom):


---------------  P R O C E S S  ---------------

Threads class SMR info:
_java_thread_list=0x000001d692763c90, length=13, elements={
0x000001d62e138b90, 0x000001d64c4f47e0, 0x000001d64c4f6570, 0x000001d64c4f94a0,
0x000001d64c4fb440, 0x000001d64c4fcf10, 0x000001d64c505b30, 0x000001d64c5098f0,
0x000001d64c560090, 0x000001d64c641310, 0x000001d64c7326b0, 0x000001d64c6419a0,
0x000001d64c642030
}

Java Threads: ( => current thread )
  0x000001d62e138b90 JavaThread "main"                              [_thread_in_Java, id=25500, stack(0x000000c367d00000,0x000000c367e00000) (1024K)]
  0x000001d64c4f47e0 JavaThread "Reference Handler"          daemon [_thread_blocked, id=22180, stack(0x000000c368500000,0x000000c368600000) (1024K)]
  0x000001d64c4f6570 JavaThread "Finalizer"                  daemon [_thread_blocked, id=3480, stack(0x000000c368600000,0x000000c368700000) (1024K)]
  0x000001d64c4f94a0 JavaThread "Signal Dispatcher"          daemon [_thread_blocked, id=4368, stack(0x000000c368700000,0x000000c368800000) (1024K)]
  0x000001d64c4fb440 JavaThread "Attach Listener"            daemon [_thread_blocked, id=3136, stack(0x000000c368800000,0x000000c368900000) (1024K)]
  0x000001d64c4fcf10 JavaThread "Service Thread"             daemon [_thread_blocked, id=14840, stack(0x000000c368900000,0x000000c368a00000) (1024K)]
  0x000001d64c505b30 JavaThread "Monitor Deflation Thread"   daemon [_thread_blocked, id=18600, stack(0x000000c368a00000,0x000000c368b00000) (1024K)]
=>0x000001d64c5098f0 JavaThread "C2 CompilerThread0"         daemon [_thread_in_native, id=23832, stack(0x000000c368b00000,0x000000c368c00000) (1024K)]
  0x000001d64c560090 JavaThread "C1 CompilerThread0"         daemon [_thread_in_native, id=4004, stack(0x000000c368c00000,0x000000c368d00000) (1024K)]
  0x000001d64c641310 JavaThread "Common-Cleaner"             daemon [_thread_blocked, id=12832, stack(0x000000c368d00000,0x000000c368e00000) (1024K)]
  0x000001d64c7326b0 JavaThread "C2 CompilerThread1"         daemon [_thread_in_native, id=12800, stack(0x000000c368e00000,0x000000c368f00000) (1024K)]
  0x000001d64c6419a0 JavaThread "Monitor Ctrl-Break"         daemon [_thread_in_native, id=12684, stack(0x000000c368f00000,0x000000c369000000) (1024K)]
  0x000001d64c642030 JavaThread "Notification Thread"        daemon [_thread_blocked, id=22292, stack(0x000000c369000000,0x000000c369100000) (1024K)]
Total: 13

Other Threads:
  0x000001d64c4d5de0 VMThread "VM Thread"                           [id=7232, stack(0x000000c368400000,0x000000c368500000) (1024K)]
  0x000001d64c4c37b0 WatcherThread "VM Periodic Task Thread"        [id=9468, stack(0x000000c368300000,0x000000c368400000) (1024K)]
  0x000001d62e18dc60 WorkerThread "GC Thread#0"                     [id=4056, stack(0x000000c367e00000,0x000000c367f00000) (1024K)]
  0x000001d62e1a2300 ConcurrentGCThread "G1 Main Marker"            [id=21716, stack(0x000000c367f00000,0x000000c368000000) (1024K)]
  0x000001d62e1a2d20 WorkerThread "G1 Conc#0"                       [id=2236, stack(0x000000c368000000,0x000000c368100000) (1024K)]
  0x000001d62e1eeb70 ConcurrentGCThread "G1 Refine#0"               [id=5664, stack(0x000000c368100000,0x000000c368200000) (1024K)]
  0x000001d64c396c00 ConcurrentGCThread "G1 Service"                [id=4420, stack(0x000000c368200000,0x000000c368300000) (1024K)]
Total: 7

Threads with active compile tasks:
C2 CompilerThread0  1295  871       4       org.aspectj.apache.bcel.classfile.Constant::readConstant (280 bytes)
C1 CompilerThread0  1295 1066   !   3       org.aspectj.apache.bcel.generic.Instruction::readInstruction (1235 bytes)
C2 CompilerThread1  1295  872       4       org.aspectj.apache.bcel.classfile.Attribute::readAttribute (568 bytes)
Total: 3

VM state: not at safepoint (normal execution)

VM Mutex/Monitor currently owned by a thread: None

Heap address: 0x0000000083800000, size: 1992 MB, Compressed Oops mode: 32-bit

CDS archive(s) mapped at: [0x000001d64d000000-0x000001d64dd80000-0x000001d64dd80000), size 14155776, SharedBaseAddress: 0x000001d64d000000, ArchiveRelocationMode: 1.
Compressed class space mapped at: 0x000001d64e000000-0x000001d68e000000, reserved size: 1073741824
Narrow klass base: 0x000001d64d000000, Narrow klass shift: 0, Narrow klass range: 0x41000000

GC Precious Log:
 CardTable entry size: 512
 Card Set container configuration: InlinePtr #cards 5 size 8 Array Of Cards #cards 10 size 36 Howl #buckets 4 coarsen threshold 1843 Howl Bitmap #cards 512 size 80 coarsen threshold 460 Card regions per heap region 1 cards per card region 2048
 CPUs: 8 total, 8 available
 Memory: 7967M
 Large Page Support: Disabled
 NUMA Support: Disabled
 Compressed Oops: Enabled (32-bit)
 Heap Region Size: 1M
 Heap Min Capacity: 8M
 Heap Initial Capacity: 126M
 Heap Max Capacity: 1992M
 Pre-touch: Disabled
 Parallel Workers: 8
 Concurrent Workers: 2
 Concurrent Refinement Workers: 8
 Periodic GC: Disabled

Heap:
 garbage-first heap   total reserved 2039808K, committed 129024K, used 22527K [0x0000000083800000, 0x0000000100000000)
  region size 1024K, 24 young (24576K), 0 survivors (0K)
 Metaspace       used 6974K, committed 7168K, reserved 1114112K
  class space    used 661K, committed 768K, reserved 1048576K

Heap Regions: E=young(eden), S=young(survivor), O=old, HS=humongous(starts), HC=humongous(continues), CS=collection set, F=free, TAMS=top-at-mark-start, PB=parsable bottom
|   0|0x0000000083800000, 0x0000000083800000, 0x0000000083900000|  0%| F|  |TAMS 0x0000000083800000| PB 0x0000000083800000| Untracked |  0
|   1|0x0000000083900000, 0x0000000083900000, 0x0000000083a00000|  0%| F|  |TAMS 0x0000000083900000| PB 0x0000000083900000| Untracked |  0
|   2|0x0000000083a00000, 0x0000000083a00000, 0x0000000083b00000|  0%| F|  |TAMS 0x0000000083a00000| PB 0x0000000083a00000| Untracked |  0
|   3|0x0000000083b00000, 0x0000000083b00000, 0x0000000083c00000|  0%| F|  |TAMS 0x0000000083b00000| PB 0x0000000083b00000| Untracked |  0
|   4|0x0000000083c00000, 0x0000000083c00000, 0x0000000083d00000|  0%| F|  |TAMS 0x0000000083c00000| PB 0x0000000083c00000| Untracked |  0
|   5|0x0000000083d00000, 0x0000000083d00000, 0x0000000083e00000|  0%| F|  |TAMS 0x0000000083d00000| PB 0x0000000083d00000| Untracked |  0
|   6|0x0000000083e00000, 0x0000000083e00000, 0x0000000083f00000|  0%| F|  |TAMS 0x0000000083e00000| PB 0x0000000083e00000| Untracked |  0
|   7|0x0000000083f00000, 0x0000000083f00000, 0x0000000084000000|  0%| F|  |TAMS 0x0000000083f00000| PB 0x0000000083f00000| Untracked |  0
|   8|0x0000000084000000, 0x0000000084000000, 0x0000000084100000|  0%| F|  |TAMS 0x0000000084000000| PB 0x0000000084000000| Untracked |  0
|   9|0x0000000084100000, 0x0000000084100000, 0x0000000084200000|  0%| F|  |TAMS 0x0000000084100000| PB 0x0000000084100000| Untracked |  0
|  10|0x0000000084200000, 0x0000000084200000, 0x0000000084300000|  0%| F|  |TAMS 0x0000000084200000| PB 0x0000000084200000| Untracked |  0
|  11|0x0000000084300000, 0x0000000084300000, 0x0000000084400000|  0%| F|  |TAMS 0x0000000084300000| PB 0x0000000084300000| Untracked |  0
|  12|0x0000000084400000, 0x0000000084400000, 0x0000000084500000|  0%| F|  |TAMS 0x0000000084400000| PB 0x0000000084400000| Untracked |  0
|  13|0x0000000084500000, 0x0000000084500000, 0x0000000084600000|  0%| F|  |TAMS 0x0000000084500000| PB 0x0000000084500000| Untracked |  0
|  14|0x0000000084600000, 0x0000000084600000, 0x0000000084700000|  0%| F|  |TAMS 0x0000000084600000| PB 0x0000000084600000| Untracked |  0
|  15|0x0000000084700000, 0x0000000084700000, 0x0000000084800000|  0%| F|  |TAMS 0x0000000084700000| PB 0x0000000084700000| Untracked |  0
|  16|0x0000000084800000, 0x0000000084800000, 0x0000000084900000|  0%| F|  |TAMS 0x0000000084800000| PB 0x0000000084800000| Untracked |  0
|  17|0x0000000084900000, 0x0000000084900000, 0x0000000084a00000|  0%| F|  |TAMS 0x0000000084900000| PB 0x0000000084900000| Untracked |  0
|  18|0x0000000084a00000, 0x0000000084a00000, 0x0000000084b00000|  0%| F|  |TAMS 0x0000000084a00000| PB 0x0000000084a00000| Untracked |  0
|  19|0x0000000084b00000, 0x0000000084b00000, 0x0000000084c00000|  0%| F|  |TAMS 0x0000000084b00000| PB 0x0000000084b00000| Untracked |  0
|  20|0x0000000084c00000, 0x0000000084c00000, 0x0000000084d00000|  0%| F|  |TAMS 0x0000000084c00000| PB 0x0000000084c00000| Untracked |  0
|  21|0x0000000084d00000, 0x0000000084d00000, 0x0000000084e00000|  0%| F|  |TAMS 0x0000000084d00000| PB 0x0000000084d00000| Untracked |  0
|  22|0x0000000084e00000, 0x0000000084e00000, 0x0000000084f00000|  0%| F|  |TAMS 0x0000000084e00000| PB 0x0000000084e00000| Untracked |  0
|  23|0x0000000084f00000, 0x0000000084f00000, 0x0000000085000000|  0%| F|  |TAMS 0x0000000084f00000| PB 0x0000000084f00000| Untracked |  0
|  24|0x0000000085000000, 0x0000000085000000, 0x0000000085100000|  0%| F|  |TAMS 0x0000000085000000| PB 0x0000000085000000| Untracked |  0
|  25|0x0000000085100000, 0x0000000085100000, 0x0000000085200000|  0%| F|  |TAMS 0x0000000085100000| PB 0x0000000085100000| Untracked |  0
|  26|0x0000000085200000, 0x0000000085200000, 0x0000000085300000|  0%| F|  |TAMS 0x0000000085200000| PB 0x0000000085200000| Untracked |  0
|  27|0x0000000085300000, 0x0000000085300000, 0x0000000085400000|  0%| F|  |TAMS 0x0000000085300000| PB 0x0000000085300000| Untracked |  0
|  28|0x0000000085400000, 0x0000000085400000, 0x0000000085500000|  0%| F|  |TAMS 0x0000000085400000| PB 0x0000000085400000| Untracked |  0
|  29|0x0000000085500000, 0x0000000085500000, 0x0000000085600000|  0%| F|  |TAMS 0x0000000085500000| PB 0x0000000085500000| Untracked |  0
|  30|0x0000000085600000, 0x0000000085600000, 0x0000000085700000|  0%| F|  |TAMS 0x0000000085600000| PB 0x0000000085600000| Untracked |  0
|  31|0x0000000085700000, 0x0000000085700000, 0x0000000085800000|  0%| F|  |TAMS 0x0000000085700000| PB 0x0000000085700000| Untracked |  0
|  32|0x0000000085800000, 0x0000000085800000, 0x0000000085900000|  0%| F|  |TAMS 0x0000000085800000| PB 0x0000000085800000| Untracked |  0
|  33|0x0000000085900000, 0x0000000085900000, 0x0000000085a00000|  0%| F|  |TAMS 0x0000000085900000| PB 0x0000000085900000| Untracked |  0
|  34|0x0000000085a00000, 0x0000000085a00000, 0x0000000085b00000|  0%| F|  |TAMS 0x0000000085a00000| PB 0x0000000085a00000| Untracked |  0
|  35|0x0000000085b00000, 0x0000000085b00000, 0x0000000085c00000|  0%| F|  |TAMS 0x0000000085b00000| PB 0x0000000085b00000| Untracked |  0
|  36|0x0000000085c00000, 0x0000000085c00000, 0x0000000085d00000|  0%| F|  |TAMS 0x0000000085c00000| PB 0x0000000085c00000| Untracked |  0
|  37|0x0000000085d00000, 0x0000000085d00000, 0x0000000085e00000|  0%| F|  |TAMS 0x0000000085d00000| PB 0x0000000085d00000| Untracked |  0
|  38|0x0000000085e00000, 0x0000000085e00000, 0x0000000085f00000|  0%| F|  |TAMS 0x0000000085e00000| PB 0x0000000085e00000| Untracked |  0
|  39|0x0000000085f00000, 0x0000000085f00000, 0x0000000086000000|  0%| F|  |TAMS 0x0000000085f00000| PB 0x0000000085f00000| Untracked |  0
|  40|0x0000000086000000, 0x0000000086000000, 0x0000000086100000|  0%| F|  |TAMS 0x0000000086000000| PB 0x0000000086000000| Untracked |  0
|  41|0x0000000086100000, 0x0000000086100000, 0x0000000086200000|  0%| F|  |TAMS 0x0000000086100000| PB 0x0000000086100000| Untracked |  0
|  42|0x0000000086200000, 0x0000000086200000, 0x0000000086300000|  0%| F|  |TAMS 0x0000000086200000| PB 0x0000000086200000| Untracked |  0
|  43|0x0000000086300000, 0x0000000086300000, 0x0000000086400000|  0%| F|  |TAMS 0x0000000086300000| PB 0x0000000086300000| Untracked |  0
|  44|0x0000000086400000, 0x0000000086400000, 0x0000000086500000|  0%| F|  |TAMS 0x0000000086400000| PB 0x0000000086400000| Untracked |  0
|  45|0x0000000086500000, 0x0000000086500000, 0x0000000086600000|  0%| F|  |TAMS 0x0000000086500000| PB 0x0000000086500000| Untracked |  0
|  46|0x0000000086600000, 0x0000000086600000, 0x0000000086700000|  0%| F|  |TAMS 0x0000000086600000| PB 0x0000000086600000| Untracked |  0
|  47|0x0000000086700000, 0x0000000086700000, 0x0000000086800000|  0%| F|  |TAMS 0x0000000086700000| PB 0x0000000086700000| Untracked |  0
|  48|0x0000000086800000, 0x0000000086800000, 0x0000000086900000|  0%| F|  |TAMS 0x0000000086800000| PB 0x0000000086800000| Untracked |  0
|  49|0x0000000086900000, 0x0000000086900000, 0x0000000086a00000|  0%| F|  |TAMS 0x0000000086900000| PB 0x0000000086900000| Untracked |  0
|  50|0x0000000086a00000, 0x0000000086a00000, 0x0000000086b00000|  0%| F|  |TAMS 0x0000000086a00000| PB 0x0000000086a00000| Untracked |  0
|  51|0x0000000086b00000, 0x0000000086b00000, 0x0000000086c00000|  0%| F|  |TAMS 0x0000000086b00000| PB 0x0000000086b00000| Untracked |  0
|  52|0x0000000086c00000, 0x0000000086c00000, 0x0000000086d00000|  0%| F|  |TAMS 0x0000000086c00000| PB 0x0000000086c00000| Untracked |  0
|  53|0x0000000086d00000, 0x0000000086d00000, 0x0000000086e00000|  0%| F|  |TAMS 0x0000000086d00000| PB 0x0000000086d00000| Untracked |  0
|  54|0x0000000086e00000, 0x0000000086e00000, 0x0000000086f00000|  0%| F|  |TAMS 0x0000000086e00000| PB 0x0000000086e00000| Untracked |  0
|  55|0x0000000086f00000, 0x0000000086f00000, 0x0000000087000000|  0%| F|  |TAMS 0x0000000086f00000| PB 0x0000000086f00000| Untracked |  0
|  56|0x0000000087000000, 0x0000000087000000, 0x0000000087100000|  0%| F|  |TAMS 0x0000000087000000| PB 0x0000000087000000| Untracked |  0
|  57|0x0000000087100000, 0x0000000087100000, 0x0000000087200000|  0%| F|  |TAMS 0x0000000087100000| PB 0x0000000087100000| Untracked |  0
|  58|0x0000000087200000, 0x0000000087200000, 0x0000000087300000|  0%| F|  |TAMS 0x0000000087200000| PB 0x0000000087200000| Untracked |  0
|  59|0x0000000087300000, 0x0000000087300000, 0x0000000087400000|  0%| F|  |TAMS 0x0000000087300000| PB 0x0000000087300000| Untracked |  0
|  60|0x0000000087400000, 0x0000000087400000, 0x0000000087500000|  0%| F|  |TAMS 0x0000000087400000| PB 0x0000000087400000| Untracked |  0
|  61|0x0000000087500000, 0x0000000087500000, 0x0000000087600000|  0%| F|  |TAMS 0x0000000087500000| PB 0x0000000087500000| Untracked |  0
|  62|0x0000000087600000, 0x0000000087600000, 0x0000000087700000|  0%| F|  |TAMS 0x0000000087600000| PB 0x0000000087600000| Untracked |  0
|  63|0x0000000087700000, 0x0000000087700000, 0x0000000087800000|  0%| F|  |TAMS 0x0000000087700000| PB 0x0000000087700000| Untracked |  0
|  64|0x0000000087800000, 0x0000000087800000, 0x0000000087900000|  0%| F|  |TAMS 0x0000000087800000| PB 0x0000000087800000| Untracked |  0
|  65|0x0000000087900000, 0x0000000087900000, 0x0000000087a00000|  0%| F|  |TAMS 0x0000000087900000| PB 0x0000000087900000| Untracked |  0
|  66|0x0000000087a00000, 0x0000000087a00000, 0x0000000087b00000|  0%| F|  |TAMS 0x0000000087a00000| PB 0x0000000087a00000| Untracked |  0
|  67|0x0000000087b00000, 0x0000000087b00000, 0x0000000087c00000|  0%| F|  |TAMS 0x0000000087b00000| PB 0x0000000087b00000| Untracked |  0
|  68|0x0000000087c00000, 0x0000000087c00000, 0x0000000087d00000|  0%| F|  |TAMS 0x0000000087c00000| PB 0x0000000087c00000| Untracked |  0
|  69|0x0000000087d00000, 0x0000000087d00000, 0x0000000087e00000|  0%| F|  |TAMS 0x0000000087d00000| PB 0x0000000087d00000| Untracked |  0
|  70|0x0000000087e00000, 0x0000000087e00000, 0x0000000087f00000|  0%| F|  |TAMS 0x0000000087e00000| PB 0x0000000087e00000| Untracked |  0
|  71|0x0000000087f00000, 0x0000000087f00000, 0x0000000088000000|  0%| F|  |TAMS 0x0000000087f00000| PB 0x0000000087f00000| Untracked |  0
|  72|0x0000000088000000, 0x0000000088000000, 0x0000000088100000|  0%| F|  |TAMS 0x0000000088000000| PB 0x0000000088000000| Untracked |  0
|  73|0x0000000088100000, 0x0000000088100000, 0x0000000088200000|  0%| F|  |TAMS 0x0000000088100000| PB 0x0000000088100000| Untracked |  0
|  74|0x0000000088200000, 0x0000000088200000, 0x0000000088300000|  0%| F|  |TAMS 0x0000000088200000| PB 0x0000000088200000| Untracked |  0
|  75|0x0000000088300000, 0x0000000088300000, 0x0000000088400000|  0%| F|  |TAMS 0x0000000088300000| PB 0x0000000088300000| Untracked |  0
|  76|0x0000000088400000, 0x0000000088400000, 0x0000000088500000|  0%| F|  |TAMS 0x0000000088400000| PB 0x0000000088400000| Untracked |  0
|  77|0x0000000088500000, 0x0000000088500000, 0x0000000088600000|  0%| F|  |TAMS 0x0000000088500000| PB 0x0000000088500000| Untracked |  0
|  78|0x0000000088600000, 0x0000000088600000, 0x0000000088700000|  0%| F|  |TAMS 0x0000000088600000| PB 0x0000000088600000| Untracked |  0
|  79|0x0000000088700000, 0x0000000088700000, 0x0000000088800000|  0%| F|  |TAMS 0x0000000088700000| PB 0x0000000088700000| Untracked |  0
|  80|0x0000000088800000, 0x0000000088800000, 0x0000000088900000|  0%| F|  |TAMS 0x0000000088800000| PB 0x0000000088800000| Untracked |  0
|  81|0x0000000088900000, 0x0000000088900000, 0x0000000088a00000|  0%| F|  |TAMS 0x0000000088900000| PB 0x0000000088900000| Untracked |  0
|  82|0x0000000088a00000, 0x0000000088a00000, 0x0000000088b00000|  0%| F|  |TAMS 0x0000000088a00000| PB 0x0000000088a00000| Untracked |  0
|  83|0x0000000088b00000, 0x0000000088b00000, 0x0000000088c00000|  0%| F|  |TAMS 0x0000000088b00000| PB 0x0000000088b00000| Untracked |  0
|  84|0x0000000088c00000, 0x0000000088c00000, 0x0000000088d00000|  0%| F|  |TAMS 0x0000000088c00000| PB 0x0000000088c00000| Untracked |  0
|  85|0x0000000088d00000, 0x0000000088d00000, 0x0000000088e00000|  0%| F|  |TAMS 0x0000000088d00000| PB 0x0000000088d00000| Untracked |  0
|  86|0x0000000088e00000, 0x0000000088e00000, 0x0000000088f00000|  0%| F|  |TAMS 0x0000000088e00000| PB 0x0000000088e00000| Untracked |  0
|  87|0x0000000088f00000, 0x0000000088f00000, 0x0000000089000000|  0%| F|  |TAMS 0x0000000088f00000| PB 0x0000000088f00000| Untracked |  0
|  88|0x0000000089000000, 0x0000000089000000, 0x0000000089100000|  0%| F|  |TAMS 0x0000000089000000| PB 0x0000000089000000| Untracked |  0
|  89|0x0000000089100000, 0x0000000089100000, 0x0000000089200000|  0%| F|  |TAMS 0x0000000089100000| PB 0x0000000089100000| Untracked |  0
|  90|0x0000000089200000, 0x0000000089200000, 0x0000000089300000|  0%| F|  |TAMS 0x0000000089200000| PB 0x0000000089200000| Untracked |  0
|  91|0x0000000089300000, 0x0000000089300000, 0x0000000089400000|  0%| F|  |TAMS 0x0000000089300000| PB 0x0000000089300000| Untracked |  0
|  92|0x0000000089400000, 0x0000000089400000, 0x0000000089500000|  0%| F|  |TAMS 0x0000000089400000| PB 0x0000000089400000| Untracked |  0
|  93|0x0000000089500000, 0x0000000089500000, 0x0000000089600000|  0%| F|  |TAMS 0x0000000089500000| PB 0x0000000089500000| Untracked |  0
|  94|0x0000000089600000, 0x0000000089600000, 0x0000000089700000|  0%| F|  |TAMS 0x0000000089600000| PB 0x0000000089600000| Untracked |  0
|  95|0x0000000089700000, 0x0000000089700000, 0x0000000089800000|  0%| F|  |TAMS 0x0000000089700000| PB 0x0000000089700000| Untracked |  0
|  96|0x0000000089800000, 0x0000000089800000, 0x0000000089900000|  0%| F|  |TAMS 0x0000000089800000| PB 0x0000000089800000| Untracked |  0
|  97|0x0000000089900000, 0x0000000089900000, 0x0000000089a00000|  0%| F|  |TAMS 0x0000000089900000| PB 0x0000000089900000| Untracked |  0
|  98|0x0000000089a00000, 0x0000000089a00000, 0x0000000089b00000|  0%| F|  |TAMS 0x0000000089a00000| PB 0x0000000089a00000| Untracked |  0
|  99|0x0000000089b00000, 0x0000000089b00000, 0x0000000089c00000|  0%| F|  |TAMS 0x0000000089b00000| PB 0x0000000089b00000| Untracked |  0
| 100|0x0000000089c00000, 0x0000000089c00000, 0x0000000089d00000|  0%| F|  |TAMS 0x0000000089c00000| PB 0x0000000089c00000| Untracked |  0
| 101|0x0000000089d00000, 0x0000000089d00000, 0x0000000089e00000|  0%| F|  |TAMS 0x0000000089d00000| PB 0x0000000089d00000| Untracked |  0
| 102|0x0000000089e00000, 0x0000000089e7ae28, 0x0000000089f00000| 48%| E|  |TAMS 0x0000000089e00000| PB 0x0000000089e00000| Complete |  0
| 103|0x0000000089f00000, 0x000000008a000000, 0x000000008a000000|100%| E|CS|TAMS 0x0000000089f00000| PB 0x0000000089f00000| Complete |  0
| 104|0x000000008a000000, 0x000000008a100000, 0x000000008a100000|100%| E|CS|TAMS 0x000000008a000000| PB 0x000000008a000000| Complete |  0
| 105|0x000000008a100000, 0x000000008a200000, 0x000000008a200000|100%| E|CS|TAMS 0x000000008a100000| PB 0x000000008a100000| Complete |  0
| 106|0x000000008a200000, 0x000000008a300000, 0x000000008a300000|100%| E|CS|TAMS 0x000000008a200000| PB 0x000000008a200000| Complete |  0
| 107|0x000000008a300000, 0x000000008a400000, 0x000000008a400000|100%| E|  |TAMS 0x000000008a300000| PB 0x000000008a300000| Complete |  0
| 108|0x000000008a400000, 0x000000008a500000, 0x000000008a500000|100%| E|CS|TAMS 0x000000008a400000| PB 0x000000008a400000| Complete |  0
| 109|0x000000008a500000, 0x000000008a600000, 0x000000008a600000|100%| E|CS|TAMS 0x000000008a500000| PB 0x000000008a500000| Complete |  0
| 110|0x000000008a600000, 0x000000008a700000, 0x000000008a700000|100%| E|CS|TAMS 0x000000008a600000| PB 0x000000008a600000| Complete |  0
| 111|0x000000008a700000, 0x000000008a800000, 0x000000008a800000|100%| E|CS|TAMS 0x000000008a700000| PB 0x000000008a700000| Complete |  0
| 112|0x000000008a800000, 0x000000008a900000, 0x000000008a900000|100%| E|CS|TAMS 0x000000008a800000| PB 0x000000008a800000| Complete |  0
| 113|0x000000008a900000, 0x000000008aa00000, 0x000000008aa00000|100%| E|CS|TAMS 0x000000008a900000| PB 0x000000008a900000| Complete |  0
| 114|0x000000008aa00000, 0x000000008ab00000, 0x000000008ab00000|100%| E|CS|TAMS 0x000000008aa00000| PB 0x000000008aa00000| Complete |  0
| 115|0x000000008ab00000, 0x000000008ac00000, 0x000000008ac00000|100%| E|CS|TAMS 0x000000008ab00000| PB 0x000000008ab00000| Complete |  0
| 116|0x000000008ac00000, 0x000000008ad00000, 0x000000008ad00000|100%| E|CS|TAMS 0x000000008ac00000| PB 0x000000008ac00000| Complete |  0
| 117|0x000000008ad00000, 0x000000008ae00000, 0x000000008ae00000|100%| E|CS|TAMS 0x000000008ad00000| PB 0x000000008ad00000| Complete |  0
| 118|0x000000008ae00000, 0x000000008af00000, 0x000000008af00000|100%| E|CS|TAMS 0x000000008ae00000| PB 0x000000008ae00000| Complete |  0
| 119|0x000000008af00000, 0x000000008b000000, 0x000000008b000000|100%| E|CS|TAMS 0x000000008af00000| PB 0x000000008af00000| Complete |  0
| 120|0x000000008b000000, 0x000000008b100000, 0x000000008b100000|100%| E|CS|TAMS 0x000000008b000000| PB 0x000000008b000000| Complete |  0
| 121|0x000000008b100000, 0x000000008b200000, 0x000000008b200000|100%| E|CS|TAMS 0x000000008b100000| PB 0x000000008b100000| Complete |  0
| 122|0x000000008b200000, 0x000000008b300000, 0x000000008b300000|100%| E|CS|TAMS 0x000000008b200000| PB 0x000000008b200000| Complete |  0
| 123|0x000000008b300000, 0x000000008b3ffff8, 0x000000008b400000| 99%| E|CS|TAMS 0x000000008b300000| PB 0x000000008b300000| Complete |  0
| 124|0x000000008b400000, 0x000000008b500000, 0x000000008b500000|100%| E|CS|TAMS 0x000000008b400000| PB 0x000000008b400000| Complete |  0
| 125|0x000000008b500000, 0x000000008b600000, 0x000000008b600000|100%| E|CS|TAMS 0x000000008b500000| PB 0x000000008b500000| Complete |  0

Card table byte_map: [0x000001d647700000,0x000001d647af0000] _byte_map_base: 0x000001d6472e4000

Marking Bits: (CMBitMap*) 0x000001d62e18e280
 Bits: [0x000001d647af0000, 0x000001d649a10000)

Polling page: 0x000001d62bfa0000

Metaspace:

Usage:
  Non-class:      6.20 MB used.
      Class:    665.24 KB used.
       Both:      6.85 MB used.

Virtual space:
  Non-class space:       64.00 MB reserved,       6.25 MB ( 10%) committed,  1 nodes.
      Class space:        1.00 GB reserved,     768.00 KB ( <1%) committed,  1 nodes.
             Both:        1.06 GB reserved,       7.00 MB ( <1%) committed. 

Chunk freelists:
   Non-Class:  8.45 MB
       Class:  15.11 MB
        Both:  23.56 MB

MaxMetaspaceSize: unlimited
CompressedClassSpaceSize: 1.00 GB
Initial GC threshold: 21.00 MB
Current GC threshold: 21.00 MB
CDS: on
 - commit_granule_bytes: 65536.
 - commit_granule_words: 8192.
 - virtual_space_node_default_size: 8388608.
 - enlarge_chunks_in_place: 1.
 - use_allocation_guard: 0.


Internal statistics:

num_allocs_failed_limit: 0.
num_arena_births: 30.
num_arena_deaths: 0.
num_vsnodes_births: 2.
num_vsnodes_deaths: 0.
num_space_committed: 112.
num_space_uncommitted: 0.
num_chunks_returned_to_freelist: 0.
num_chunks_taken_from_freelist: 176.
num_chunk_merges: 0.
num_chunk_splits: 145.
num_chunks_enlarged: 132.
num_inconsistent_stats: 0.

CodeHeap 'non-profiled nmethods': size=120064Kb used=339Kb max_used=339Kb free=119724Kb
 bounds [0x000001d63f980000, 0x000001d63fbf0000, 0x000001d646ec0000]
CodeHeap 'profiled nmethods': size=120000Kb used=1529Kb max_used=1529Kb free=118470Kb
 bounds [0x000001d637ec0000, 0x000001d638130000, 0x000001d63f3f0000]
CodeHeap 'non-nmethods': size=5696Kb used=1353Kb max_used=1372Kb free=4342Kb
 bounds [0x000001d63f3f0000, 0x000001d63f660000, 0x000001d63f980000]
CodeCache: size=245760Kb, used=3221Kb, max_used=3240Kb, free=242536Kb
 total_blobs=1520, nmethods=1055, adapters=371, full_count=0
Compilation: enabled, stopped_count=0, restarted_count=0

Compilation events (20 events):
Event: 1.167 Thread 0x000001d64c560090 nmethod 932 0x000001d63f9cd388 code [0x000001d63f9cd4a0, 0x000001d63f9cd568]
Event: 1.167 Thread 0x000001d64c560090  933       1       org.aspectj.util.FuzzyBoolean$NoFuzzyBoolean::maybeTrue (2 bytes)
Event: 1.168 Thread 0x000001d64c560090 nmethod 933 0x000001d63f9cd688 code [0x000001d63f9cd7a0, 0x000001d63f9cd868]
Event: 1.168 Thread 0x000001d64c5098f0 nmethod 883 0x000001d63f9cd988 code [0x000001d63f9cdaa0, 0x000001d63f9cdc70]
Event: 1.168 Thread 0x000001d64c5098f0  891       4       java.io.BufferedInputStream::ensureOpen (18 bytes)
Event: 1.168 Thread 0x000001d64c5098f0 nmethod 891 0x000001d63f9cdd08 code [0x000001d63f9cde00, 0x000001d63f9cde98]
Event: 1.168 Thread 0x000001d64c5098f0  871       4       org.aspectj.apache.bcel.classfile.Constant::readConstant (280 bytes)
Event: 1.170 Thread 0x000001d64c560090  934       3       org.aspectj.weaver.UnresolvedType::resolve (6 bytes)
Event: 1.170 Thread 0x000001d64c560090 nmethod 934 0x000001d637feac08 code [0x000001d637fead40, 0x000001d637feb000]
Event: 1.170 Thread 0x000001d64c560090  937       3       java.util.WeakHashMap::get (75 bytes)
Event: 1.171 Thread 0x000001d64c560090 nmethod 937 0x000001d637feb088 code [0x000001d637feb240, 0x000001d637febab0]
Event: 1.171 Thread 0x000001d64c560090  935   !   3       java.util.Collections$SynchronizedMap::get (25 bytes)
Event: 1.171 Thread 0x000001d64c560090 nmethod 935 0x000001d637febb08 code [0x000001d637febc40, 0x000001d637febfa8]
Event: 1.171 Thread 0x000001d64c560090  938       3       org.aspectj.apache.bcel.classfile.Method::getCode (8 bytes)
Event: 1.172 Thread 0x000001d64c560090 nmethod 938 0x000001d637fec008 code [0x000001d637fec120, 0x000001d637fec258]
Event: 1.172 Thread 0x000001d64c560090  939       3       org.aspectj.apache.bcel.classfile.AttributeUtils::getCodeAttribute (40 bytes)
Event: 1.172 Thread 0x000001d64c560090 nmethod 939 0x000001d637fec308 code [0x000001d637fec440, 0x000001d637fec718]
Event: 1.172 Thread 0x000001d64c560090  936       1       org.aspectj.util.TypeSafeEnum::getKey (5 bytes)
Event: 1.172 Thread 0x000001d64c560090 nmethod 936 0x000001d63f9ce008 code [0x000001d63f9ce120, 0x000001d63f9ce1f0]
Event: 1.172 Thread 0x000001d64c560090  940   !   3       org.aspectj.weaver.World::resolve (297 bytes)

GC Heap History (0 events):
No events

Dll operation events (10 events):
Event: 0.027 Loaded shared library C:\Users\DELL\.jdks\liberica-full-23.0.2\bin\java.dll
Event: 0.083 Loaded shared library C:\Users\DELL\.jdks\liberica-full-23.0.2\bin\jsvml.dll
Event: 0.194 Loaded shared library C:\Users\DELL\.jdks\liberica-full-23.0.2\bin\zip.dll
Event: 0.200 Loaded shared library C:\Users\DELL\.jdks\liberica-full-23.0.2\bin\instrument.dll
Event: 0.206 Loaded shared library C:\Users\DELL\.jdks\liberica-full-23.0.2\bin\net.dll
Event: 0.209 Loaded shared library C:\Users\DELL\.jdks\liberica-full-23.0.2\bin\nio.dll
Event: 0.223 Loaded shared library C:\Users\DELL\.jdks\liberica-full-23.0.2\bin\zip.dll
Event: 0.328 Loaded shared library C:\Users\DELL\.jdks\liberica-full-23.0.2\bin\jimage.dll
Event: 1.035 Loaded shared library D:\programs\IntelliJ IDEA Community Edition 2024.2.1\bin\breakgen64.dll
Event: 1.067 Loaded shared library C:\Users\DELL\.jdks\liberica-full-23.0.2\bin\extnet.dll

Deoptimization events (20 events):
Event: 1.130 Thread 0x000001d62e138b90 Uncommon trap: trap_request=0xffffffde fr.pc=0x000001d63f9c3468 relative=0x0000000000000e68
Event: 1.130 Thread 0x000001d62e138b90 Uncommon trap: reason=class_check action=maybe_recompile pc=0x000001d63f9c3468 method=java.io.BufferedInputStream.implRead([BII)I @ 100 c2
Event: 1.130 Thread 0x000001d62e138b90 DEOPT PACKING pc=0x000001d63f9c3468 sp=0x000000c367dfc8c0
Event: 1.130 Thread 0x000001d62e138b90 DEOPT UNPACKING pc=0x000001d63f444402 sp=0x000000c367dfc7f8 mode 2
Event: 1.131 Thread 0x000001d62e138b90 Uncommon trap: trap_request=0xffffffde fr.pc=0x000001d63f9bec5c relative=0x000000000000113c
Event: 1.131 Thread 0x000001d62e138b90 Uncommon trap: reason=class_check action=maybe_recompile pc=0x000001d63f9bec5c method=java.io.BufferedInputStream.implRead([BII)I @ 100 c2
Event: 1.131 Thread 0x000001d62e138b90 DEOPT PACKING pc=0x000001d63f9bec5c sp=0x000000c367dfc6a0
Event: 1.131 Thread 0x000001d62e138b90 DEOPT UNPACKING pc=0x000001d63f444402 sp=0x000000c367dfc580 mode 2
Event: 1.131 Thread 0x000001d62e138b90 Uncommon trap: trap_request=0xffffffde fr.pc=0x000001d63f9bec5c relative=0x000000000000113c
Event: 1.131 Thread 0x000001d62e138b90 Uncommon trap: reason=class_check action=maybe_recompile pc=0x000001d63f9bec5c method=java.io.BufferedInputStream.implRead([BII)I @ 100 c2
Event: 1.131 Thread 0x000001d62e138b90 DEOPT PACKING pc=0x000001d63f9bec5c sp=0x000000c367dfc520
Event: 1.131 Thread 0x000001d62e138b90 DEOPT UNPACKING pc=0x000001d63f444402 sp=0x000000c367dfc400 mode 2
Event: 1.132 Thread 0x000001d62e138b90 Uncommon trap: trap_request=0xffffffde fr.pc=0x000001d63f9c3468 relative=0x0000000000000e68
Event: 1.132 Thread 0x000001d62e138b90 Uncommon trap: reason=class_check action=maybe_recompile pc=0x000001d63f9c3468 method=java.io.BufferedInputStream.implRead([BII)I @ 100 c2
Event: 1.132 Thread 0x000001d62e138b90 DEOPT PACKING pc=0x000001d63f9c3468 sp=0x000000c367dfc6f0
Event: 1.132 Thread 0x000001d62e138b90 DEOPT UNPACKING pc=0x000001d63f444402 sp=0x000000c367dfc648 mode 2
Event: 1.139 Thread 0x000001d62e138b90 Uncommon trap: trap_request=0xffffffde fr.pc=0x000001d63f9c1a94 relative=0x0000000000000ab4
Event: 1.139 Thread 0x000001d62e138b90 Uncommon trap: reason=class_check action=maybe_recompile pc=0x000001d63f9c1a94 method=java.io.BufferedInputStream.implRead([BII)I @ 100 c2
Event: 1.139 Thread 0x000001d62e138b90 DEOPT PACKING pc=0x000001d63f9c1a94 sp=0x000000c367dfbbc0
Event: 1.139 Thread 0x000001d62e138b90 DEOPT UNPACKING pc=0x000001d63f444402 sp=0x000000c367dfbb98 mode 2

Classes loaded (20 events):
Event: 1.083 Loading class java/nio/DirectByteBuffer$Deallocator
Event: 1.083 Loading class java/nio/DirectByteBuffer$Deallocator done
Event: 1.093 Loading class sun/nio/ch/IOStatus
Event: 1.093 Loading class sun/nio/ch/IOStatus done
Event: 1.093 Loading class java/net/StandardSocketOptions
Event: 1.093 Loading class java/net/StandardSocketOptions done
Event: 1.093 Loading class java/net/StandardSocketOptions$StdSocketOption
Event: 1.093 Loading class java/net/StandardSocketOptions$StdSocketOption done
Event: 1.094 Loading class sun/nio/ch/SocketOptionRegistry
Event: 1.094 Loading class sun/nio/ch/SocketOptionRegistry done
Event: 1.094 Loading class sun/nio/ch/SocketOptionRegistry$RegistryKey
Event: 1.094 Loading class sun/nio/ch/SocketOptionRegistry$RegistryKey done
Event: 1.094 Loading class sun/nio/ch/SocketOptionRegistry$LazyInitialization
Event: 1.094 Loading class sun/nio/ch/SocketOptionRegistry$LazyInitialization done
Event: 1.094 Loading class sun/nio/ch/OptionKey
Event: 1.094 Loading class sun/nio/ch/OptionKey done
Event: 1.094 Loading class sun/nio/ch/ExtendedSocketOption
Event: 1.095 Loading class sun/nio/ch/ExtendedSocketOption done
Event: 1.095 Loading class sun/nio/ch/ExtendedSocketOption$1
Event: 1.095 Loading class sun/nio/ch/ExtendedSocketOption$1 done

Classes unloaded (0 events):
No events

Classes redefined (0 events):
No events

Internal exceptions (20 events):
Event: 0.880 Thread 0x000001d62e138b90 Exception <a 'java/lang/ArrayIndexOutOfBoundsException'{0x000000008a727de8}: Index 7 out of bounds for length 7> (0x000000008a727de8) 
thrown [s\src\hotspot\share\interpreter\interpreterRuntime.cpp, line 422]
Event: 0.880 Thread 0x000001d62e138b90 Exception <a 'java/lang/ArrayIndexOutOfBoundsException'{0x000000008a7283c0}: Index 7 out of bounds for length 7> (0x000000008a7283c0) 
thrown [s\src\hotspot\share\interpreter\interpreterRuntime.cpp, line 422]
Event: 0.880 Thread 0x000001d62e138b90 Exception <a 'java/lang/ArrayIndexOutOfBoundsException'{0x000000008a728998}: Index 7 out of bounds for length 7> (0x000000008a728998) 
thrown [s\src\hotspot\share\interpreter\interpreterRuntime.cpp, line 422]
Event: 0.890 Thread 0x000001d62e138b90 Exception <a 'java/lang/ArrayIndexOutOfBoundsException'{0x000000008a7457a0}: Index 7 out of bounds for length 7> (0x000000008a7457a0) 
thrown [s\src\hotspot\share\interpreter\interpreterRuntime.cpp, line 422]
Event: 0.890 Thread 0x000001d62e138b90 Exception <a 'java/lang/ArrayIndexOutOfBoundsException'{0x000000008a745d78}: Index 7 out of bounds for length 7> (0x000000008a745d78) 
thrown [s\src\hotspot\share\interpreter\interpreterRuntime.cpp, line 422]
Event: 0.890 Thread 0x000001d62e138b90 Exception <a 'java/lang/ArrayIndexOutOfBoundsException'{0x000000008a746350}: Index 7 out of bounds for length 7> (0x000000008a746350) 
thrown [s\src\hotspot\share\interpreter\interpreterRuntime.cpp, line 422]
Event: 0.892 Thread 0x000001d62e138b90 Exception <a 'java/lang/ArrayIndexOutOfBoundsException'{0x000000008a749e90}: Index 7 out of bounds for length 7> (0x000000008a749e90) 
thrown [s\src\hotspot\share\interpreter\interpreterRuntime.cpp, line 422]
Event: 0.892 Thread 0x000001d62e138b90 Exception <a 'java/lang/ArrayIndexOutOfBoundsException'{0x000000008a74a468}: Index 7 out of bounds for length 7> (0x000000008a74a468) 
thrown [s\src\hotspot\share\interpreter\interpreterRuntime.cpp, line 422]
Event: 0.892 Thread 0x000001d62e138b90 Exception <a 'java/lang/ArrayIndexOutOfBoundsException'{0x000000008a74aa40}: Index 7 out of bounds for length 7> (0x000000008a74aa40) 
thrown [s\src\hotspot\share\interpreter\interpreterRuntime.cpp, line 422]
Event: 0.902 Thread 0x000001d62e138b90 Exception <a 'java/lang/ArrayIndexOutOfBoundsException'{0x000000008a777450}: Index 11 out of bounds for length 11> (0x000000008a777450) 
thrown [s\src\hotspot\share\interpreter\interpreterRuntime.cpp, line 422]
Event: 0.902 Thread 0x000001d62e138b90 Exception <a 'java/lang/ArrayIndexOutOfBoundsException'{0x000000008a777a28}: Index 11 out of bounds for length 11> (0x000000008a777a28) 
thrown [s\src\hotspot\share\interpreter\interpreterRuntime.cpp, line 422]
Event: 0.902 Thread 0x000001d62e138b90 Exception <a 'java/lang/ArrayIndexOutOfBoundsException'{0x000000008a778000}: Index 11 out of bounds for length 11> (0x000000008a778000) 
thrown [s\src\hotspot\share\interpreter\interpreterRuntime.cpp, line 422]
Event: 0.902 Thread 0x000001d62e138b90 Exception <a 'java/lang/ArrayIndexOutOfBoundsException'{0x000000008a779398}: Index 9 out of bounds for length 9> (0x000000008a779398) 
thrown [s\src\hotspot\share\interpreter\interpreterRuntime.cpp, line 422]
Event: 0.902 Thread 0x000001d62e138b90 Exception <a 'java/lang/ArrayIndexOutOfBoundsException'{0x000000008a779970}: Index 9 out of bounds for length 9> (0x000000008a779970) 
thrown [s\src\hotspot\share\interpreter\interpreterRuntime.cpp, line 422]
Event: 0.902 Thread 0x000001d62e138b90 Exception <a 'java/lang/ArrayIndexOutOfBoundsException'{0x000000008a779f48}: Index 9 out of bounds for length 9> (0x000000008a779f48) 
thrown [s\src\hotspot\share\interpreter\interpreterRuntime.cpp, line 422]
Event: 0.904 Thread 0x000001d62e138b90 Exception <a 'java/lang/ArrayIndexOutOfBoundsException'{0x000000008a780250}: Index 7 out of bounds for length 7> (0x000000008a780250) 
thrown [s\src\hotspot\share\interpreter\interpreterRuntime.cpp, line 422]
Event: 0.904 Thread 0x000001d62e138b90 Exception <a 'java/lang/ArrayIndexOutOfBoundsException'{0x000000008a780828}: Index 7 out of bounds for length 7> (0x000000008a780828) 
thrown [s\src\hotspot\share\interpreter\interpreterRuntime.cpp, line 422]
Event: 0.904 Thread 0x000001d62e138b90 Exception <a 'java/lang/ArrayIndexOutOfBoundsException'{0x000000008a780e00}: Index 7 out of bounds for length 7> (0x000000008a780e00) 
thrown [s\src\hotspot\share\interpreter\interpreterRuntime.cpp, line 422]
Event: 1.071 Thread 0x000001d64c6419a0 Exception <a 'java/lang/NoSuchMethodError'{0x000000008a33b0c0}: 'void java.lang.invoke.DirectMethodHandle$Holder.invokeStatic(java.lang.Object, java.lang.Object)'> (0x000000008a33b0c0) 
thrown [s\src\hotspot\share\interpreter\linkResolver.cpp, line 796]
Event: 1.071 Thread 0x000001d62e138b90 Exception <a 'java/lang/NoSuchMethodError'{0x000000008a4d0db0}: 'void java.lang.invoke.DirectMethodHandle$Holder.invokeStatic(java.lang.Object, java.lang.Object)'> (0x000000008a4d0db0) 
thrown [s\src\hotspot\share\interpreter\linkResolver.cpp, line 796]

VM Operations (10 events):
Event: 0.170 Executing VM operation: HandshakeAllThreads (Deoptimize)
Event: 0.170 Executing VM operation: HandshakeAllThreads (Deoptimize) done
Event: 0.404 Executing VM operation: HandshakeAllThreads (Deoptimize)
Event: 0.404 Executing VM operation: HandshakeAllThreads (Deoptimize) done
Event: 0.437 Executing VM operation: HandshakeAllThreads (Deoptimize)
Event: 0.437 Executing VM operation: HandshakeAllThreads (Deoptimize) done
Event: 0.918 Executing VM operation: HandshakeAllThreads (Deoptimize)
Event: 0.918 Executing VM operation: HandshakeAllThreads (Deoptimize) done
Event: 1.081 Executing VM operation: HandshakeAllThreads (Deoptimize)
Event: 1.081 Executing VM operation: HandshakeAllThreads (Deoptimize) done

Memory protections (0 events):
No events

Nmethod flushes (0 events):
No events

Events (15 events):
Event: 0.057 Thread 0x000001d62e138b90 Thread added: 0x000001d62e138b90
Event: 0.079 Thread 0x000001d62e138b90 Thread added: 0x000001d64c4f47e0
Event: 0.080 Thread 0x000001d62e138b90 Thread added: 0x000001d64c4f6570
Event: 0.080 Thread 0x000001d62e138b90 Thread added: 0x000001d64c4f94a0
Event: 0.080 Thread 0x000001d62e138b90 Thread added: 0x000001d64c4fb440
Event: 0.080 Thread 0x000001d62e138b90 Thread added: 0x000001d64c4fcf10
Event: 0.081 Thread 0x000001d62e138b90 Thread added: 0x000001d64c505b30
Event: 0.081 Thread 0x000001d62e138b90 Thread added: 0x000001d64c5098f0
Event: 0.081 Thread 0x000001d62e138b90 Thread added: 0x000001d64c560090
Event: 0.159 Thread 0x000001d62e138b90 Thread added: 0x000001d64c641310
Event: 0.183 Thread 0x000001d64c560090 Thread added: 0x000001d64c7326b0
Event: 0.975 Thread 0x000001d64c7326b0 Thread exited: 0x000001d64c7326b0
Event: 0.992 Thread 0x000001d64c560090 Thread added: 0x000001d64c7326b0
Event: 1.037 Thread 0x000001d62e138b90 Thread added: 0x000001d64c6419a0
Event: 1.038 Thread 0x000001d62e138b90 Thread added: 0x000001d64c642030


Dynamic libraries:
0x00007ff733d00000 - 0x00007ff733d0e000 	C:\Users\DELL\.jdks\liberica-full-23.0.2\bin\java.exe
0x00007ff81d980000 - 0x00007ff81dbe6000 	C:\WINDOWS\SYSTEM32\ntdll.dll
0x00007ff81c550000 - 0x00007ff81c619000 	C:\WINDOWS\System32\KERNEL32.DLL
0x00007ff81aec0000 - 0x00007ff81b2ba000 	C:\WINDOWS\System32\KERNELBASE.dll
0x00007ff81b570000 - 0x00007ff81b6bc000 	C:\WINDOWS\System32\ucrtbase.dll
0x00007ff806660000 - 0x00007ff806677000 	C:\Users\DELL\.jdks\liberica-full-23.0.2\bin\jli.dll
0x00007ff8073c0000 - 0x00007ff8073db000 	C:\Users\DELL\.jdks\liberica-full-23.0.2\bin\VCRUNTIME140.dll
0x00007ff81c620000 - 0x00007ff81c7e7000 	C:\WINDOWS\System32\USER32.dll
0x00007ffffbcb0000 - 0x00007ffffbf42000 	C:\WINDOWS\WinSxS\amd64_microsoft.windows.common-controls_6595b64144ccf1df_6.0.26100.8521_none_3e08b75ce33403b3\COMCTL32.dll
0x00007ff81b6c0000 - 0x00007ff81b6e7000 	C:\WINDOWS\System32\win32u.dll
0x00007ff81c0b0000 - 0x00007ff81c159000 	C:\WINDOWS\System32\msvcrt.dll
0x00007ff81c220000 - 0x00007ff81c24b000 	C:\WINDOWS\System32\GDI32.dll
0x00007ff81b2c0000 - 0x00007ff81b3eb000 	C:\WINDOWS\System32\gdi32full.dll
0x00007ff81ad80000 - 0x00007ff81ae23000 	C:\WINDOWS\System32\msvcp_win.dll
0x00007ff81c270000 - 0x00007ff81c2a2000 	C:\WINDOWS\System32\IMM32.DLL
0x00007ff815ca0000 - 0x00007ff815cac000 	C:\Users\DELL\.jdks\liberica-full-23.0.2\bin\vcruntime140_1.dll
0x00007fffb38f0000 - 0x00007fffb397e000 	C:\Users\DELL\.jdks\liberica-full-23.0.2\bin\msvcp140.dll
0x00007fff2a860000 - 0x00007fff2b63f000 	C:\Users\DELL\.jdks\liberica-full-23.0.2\bin\server\jvm.dll
0x00007ff81c160000 - 0x00007ff81c216000 	C:\WINDOWS\System32\ADVAPI32.dll
0x00007ff81c340000 - 0x00007ff81c3ea000 	C:\WINDOWS\System32\sechost.dll
0x00007ff81d0b0000 - 0x00007ff81d1c8000 	C:\WINDOWS\System32\RPCRT4.dll
0x00007ff81b7d0000 - 0x00007ff81b850000 	C:\WINDOWS\System32\WS2_32.dll
0x00007ff819f00000 - 0x00007ff819f5e000 	C:\WINDOWS\SYSTEM32\POWRPROF.dll
0x00007ff8033e0000 - 0x00007ff803416000 	C:\WINDOWS\SYSTEM32\WINMM.dll
0x00007ff80d740000 - 0x00007ff80d74b000 	C:\WINDOWS\SYSTEM32\VERSION.dll
0x00007ff819dd0000 - 0x00007ff819de4000 	C:\WINDOWS\SYSTEM32\UMPDC.dll
0x00007ff819a10000 - 0x00007ff819a2b000 	C:\WINDOWS\SYSTEM32\kernel.appcore.dll
0x00007ff811e60000 - 0x00007ff811e6a000 	C:\Users\DELL\.jdks\liberica-full-23.0.2\bin\jimage.dll
0x00007ff817ae0000 - 0x00007ff817d22000 	C:\WINDOWS\SYSTEM32\DBGHELP.DLL
0x00007ff81cd20000 - 0x00007ff81d0a3000 	C:\WINDOWS\System32\combase.dll
0x00007ff81b6f0000 - 0x00007ff81b7c9000 	C:\WINDOWS\System32\OLEAUT32.dll
0x00007ffffe6e0000 - 0x00007ffffe71b000 	C:\WINDOWS\SYSTEM32\dbgcore.DLL
0x00007ff81ac10000 - 0x00007ff81acb8000 	C:\WINDOWS\System32\bcryptPrimitives.dll
0x00007ff811fa0000 - 0x00007ff811faf000 	C:\Users\DELL\.jdks\liberica-full-23.0.2\bin\instrument.dll
0x00007ff802300000 - 0x00007ff80231e000 	C:\Users\DELL\.jdks\liberica-full-23.0.2\bin\java.dll
0x00007ff81c810000 - 0x00007ff81c9a8000 	C:\WINDOWS\System32\ole32.dll
0x00007ff81b920000 - 0x00007ff81c0a4000 	C:\WINDOWS\System32\SHELL32.dll
0x00007ff8187a0000 - 0x00007ff819020000 	C:\WINDOWS\SYSTEM32\windows.storage.dll
0x00007ff81c9b0000 - 0x00007ff81caa6000 	C:\WINDOWS\System32\SHCORE.dll
0x00007ff81d840000 - 0x00007ff81d8a7000 	C:\WINDOWS\System32\shlwapi.dll
0x00007ff81ab30000 - 0x00007ff81ab59000 	C:\WINDOWS\SYSTEM32\profapi.dll
0x00007fffadf40000 - 0x00007fffae017000 	C:\Users\DELL\.jdks\liberica-full-23.0.2\bin\jsvml.dll
0x00007ff802070000 - 0x00007ff802087000 	C:\Users\DELL\.jdks\liberica-full-23.0.2\bin\zip.dll
0x00007ff807610000 - 0x00007ff807620000 	C:\Users\DELL\.jdks\liberica-full-23.0.2\bin\net.dll
0x00007ff81a030000 - 0x00007ff81a09c000 	C:\WINDOWS\system32\mswsock.dll
0x00007ff802090000 - 0x00007ff8020a6000 	C:\Users\DELL\.jdks\liberica-full-23.0.2\bin\nio.dll
0x00007ff80d4b0000 - 0x00007ff80d4ca000 	D:\programs\IntelliJ IDEA Community Edition 2024.2.1\bin\breakgen64.dll
0x00007ff8073b0000 - 0x00007ff8073b9000 	C:\Users\DELL\.jdks\liberica-full-23.0.2\bin\extnet.dll
0x00007ff802050000 - 0x00007ff802060000 	C:\Users\DELL\.jdks\liberica-full-23.0.2\bin\verify.dll

dbghelp: loaded successfully - version: 4.0.5 - missing functions: none
symbol engine: initialized successfully - sym options: 0x614 - pdb path: .;C:\Users\DELL\.jdks\liberica-full-23.0.2\bin;C:\WINDOWS\SYSTEM32;C:\WINDOWS\WinSxS\amd64_microsoft.windows.common-controls_6595b64144ccf1df_6.0.26100.8521_none_3e08b75ce33403b3;C:\Users\DELL\.jdks\liberica-full-23.0.2\bin\server;D:\programs\IntelliJ IDEA Community Edition 2024.2.1\bin

VM Arguments:
jvm_args: -ea -Dallure.results.directory=D:\STUDY\Automation Api Testing Project\RestfulBooking_Api Testing\target/allure-results -javaagent:C:\Users\DELL\.m2\repository/org/aspectj/aspectjweaver/1.9.21/aspectjweaver-1.9.21.jar -Didea.test.cyclic.buffer.size=1048576 -javaagent:D:\programs\IntelliJ IDEA Community Edition 2024.2.1\lib\idea_rt.jar=60546:D:\programs\IntelliJ IDEA Community Edition 2024.2.1\bin -Dfile.encoding=UTF-8 -Dsun.stdout.encoding=UTF-8 -Dsun.stderr.encoding=UTF-8 
java_command: com.intellij.rt.testng.RemoteTestNGStarter -usedefaultlisteners false -socket60545 @w@C:\Users\DELL\AppData\Local\Temp\idea_working_dirs_testng.tmp -temp C:\Users\DELL\AppData\Local\Temp\idea_testng.tmp
java_class_path (initial): D:\programs\IntelliJ IDEA Community Edition 2024.2.1\lib\idea_rt.jar;D:\programs\IntelliJ IDEA Community Edition 2024.2.1\plugins\testng\lib\testng-rt.jar;D:\STUDY\Automation Api Testing Project\RestfulBooking_Api Testing\target\test-classes;C:\Users\DELL\.m2\repository\io\rest-assured\rest-assured\5.4.0\rest-assured-5.4.0.jar;C:\Users\DELL\.m2\repository\org\apache\groovy\groovy\4.0.16\groovy-4.0.16.jar;C:\Users\DELL\.m2\repository\org\apache\groovy\groovy-xml\4.0.16\groovy-xml-4.0.16.jar;C:\Users\DELL\.m2\repository\org\apache\httpcomponents\httpclient\4.5.13\httpclient-4.5.13.jar;C:\Users\DELL\.m2\repository\org\apache\httpcomponents\httpcore\4.4.13\httpcore-4.4.13.jar;C:\Users\DELL\.m2\repository\commons-logging\commons-logging\1.2\commons-logging-1.2.jar;C:\Users\DELL\.m2\repository\commons-codec\commons-codec\1.11\commons-codec-1.11.jar;C:\Users\DELL\.m2\repository\org\apache\httpcomponents\httpmime\4.5.13\httpmime-4.5.13.jar;C:\Users\DELL\.m2\repository\org\hamcrest\hamcrest\2.2\hamcrest-2.2.jar;C:\Users\DELL\.m2\repository\org\ccil\cowan\tagsoup\tagsoup\1.2.1\tagsoup-1.2.1.jar;C:\Users\DELL\.m2\repository\io\rest-assured\json-path\5.4.0\json-path-5.4.0.jar;C:\Users\DELL\.m2\repository\org\apache\groovy\groovy-json\4.0.16\groovy-json-4.0.16.jar;C:\Users\DELL\.m2\repository\io\rest-assured\rest-assured-common\5.4.0\rest-assured-common-5.4.0.jar;C:\Users\DELL\.m2\repository\io\rest-assured\xml-path\5.4.0\xml-path-5.4.0.jar;C:\Users\DELL\.m2\repository\org\apache\commons\commons-lang3\3.11\commons-lang3-3.11.jar;C:\Users\DELL\.m2\repository\org\testng\testng\7.9.0\testng-7.9.0.jar;C:\Users\DELL\.m2\repository\org\slf4j\slf4j-api\1.7.36\slf4j-api-1.7.36.jar;C:\Users\DELL\.m2\repository\com\beust\jcommander\1.82\jcommander-1.82.jar;C:\Users\DELL\.m2\repository\org\webjars\jquery\3.7.1\jquery-3.7.1.jar;C:\Users\DELL\.m2\repository\com\fasterxml\jackson\core\jackson-databind\2.16.1\jackson-databind-2.16.1.jar;C:\Users\DELL\.m2\repository\com\fasterxml\jackson\core\jackson-annotations\2.16.1\jackson-annotations-2.16.1.jar;C:\Users\DELL\.m2\repository\com\fasterxml\jackson\core\jackson-core\2.16.1\jackson-core-2.16.1.jar;C:\Users\DELL\.m2\repository\io\qameta\allure\allure-testng\2.25.0\allure-testng-2.25.0.jar;C:\Users\DELL\.m2\repository\io\qameta\allure\allure-java-commons\2.25.0\allure-java-commons-2.25.0.jar;C:\Users\DELL\.m2\repository\io\qameta\allure\allure-model\2.25.0\allure-model-2.25.0.jar;C:\Users\DELL\.m2\repository\io\qameta\allure\allure-test-filter\2.25.0\allure-test-filter-2.25.0.jar;C:\Users\DELL\.m2\repository\io\qameta\allure\allure-rest-assured\2.25.0\allure-rest-assured-2.25.0.jar;C:\Users\DELL\.m2\repository\io\qameta\allure\allure-attachments\2.25.0\allure-attachments-2.25.0.jar;C:\Users\DELL\.m2\repository\org\freemarker\freemarker\2.3.31\freemarker-2.3.31.jar;C:\Users\DELL\.m2\repository\org\slf4j\slf4j-simple\2.0.11\slf4j-simple-2.0.11.jar;C:\Users\DELL\.m2\repository\org\aspectj\aspectjweaver\1.9.21\aspectjweaver-1.9.21.jar
Launcher Type: SUN_STANDARD

[Global flags]
     intx CICompilerCount                          = 4                                         {product} {ergonomic}
     uint ConcGCThreads                            = 2                                         {product} {ergonomic}
     uint G1ConcRefinementThreads                  = 8                                         {product} {ergonomic}
   size_t G1HeapRegionSize                         = 1048576                                   {product} {ergonomic}
   size_t InitialHeapSize                          = 132120576                                 {product} {ergonomic}
   size_t MarkStackSize                            = 4194304                                   {product} {ergonomic}
   size_t MarkStackSizeMax                         = 536870912                                 {product} {ergonomic}
   size_t MaxHeapSize                              = 2088763392                                {product} {ergonomic}
   size_t MaxNewSize                               = 1253048320                                {product} {ergonomic}
   size_t MinHeapDeltaBytes                        = 1048576                                   {product} {ergonomic}
   size_t MinHeapSize                              = 8388608                                   {product} {ergonomic}
    uintx NonNMethodCodeHeapSize                   = 5832704                                {pd product} {ergonomic}
    uintx NonProfiledCodeHeapSize                  = 122945536                              {pd product} {ergonomic}
    uintx ProfiledCodeHeapSize                     = 122880000                              {pd product} {ergonomic}
    uintx ReservedCodeCacheSize                    = 251658240                              {pd product} {ergonomic}
     bool SegmentedCodeCache                       = true                                      {product} {ergonomic}
   size_t SoftMaxHeapSize                          = 2088763392                             {manageable} {ergonomic}
     bool UseCompressedOops                        = true                           {product lp64_product} {ergonomic}
     bool UseG1GC                                  = true                                      {product} {ergonomic}
     bool UseLargePagesIndividualAllocation        = false                                  {pd product} {ergonomic}

Logging:
Log output configuration:
 #0: stdout all=warning uptime,level,tags foldmultilines=false
 #1: stderr all=off uptime,level,tags foldmultilines=false

Environment Variables:
PATH=C:\Program Files\Common Files\Oracle\Java\javapath;C:\Program Files (x86)\Siemens\Automation\SCADA-RT_V11\WinCC\Bin;C:\Program Files\Common Files\Siemens\Automation\Simatic OAM\bin;C:\Program Files (x86)\Common Files\Siemens\Bin;C:\Program Files (x86)\Common Files\Siemens\CommonArchiving;C:\Program Files (x86)\Common Files\Siemens\ACE\Bin;C:\Program Files (x86)\NVIDIA Corporation\PhysX\Common;C:\Windows\system32;C:\Windows;C:\Windows\System32\Wbem;C:\Windows\System32\WindowsPowerShell\v1.0\;C:\Windows\System32\OpenSSH\;C:\WINDOWS\system32;C:\WINDOWS;C:\WINDOWS\System32\Wbem;C:\WINDOWS\System32\WindowsPowerShell\v1.0\;C:\WINDOWS\System32\OpenSSH\;C:\Program Files\dotnet\;C:\Program Files (x86)\Windows Kits\8.1\Windows Performance Toolkit\;C:\Program Files\Microsoft SQL Server\Client SDK\ODBC\110\Tools\Binn\;C:\Program Files (x86)\Microsoft SQL Server\120\Tools\Binn\;C:\Program Files\Microsoft SQL Server\120\Tools\Binn\;C:\Program Files\Microsoft SQL Server\120\DTS\Binn\;c:\Program Files (x86)\Microsoft SQL Server\100\Tools\Binn\;c:\Program Files\Microsoft SQL Server\100\Tools\Binn\;c:\Program Files\Microsoft SQL Server\100\DTS\Binn\;C:\Program Files\PKWARE\pkzipc;C:\Program Files\Git\cmd;C:\Program Files (x86)\GitExtensions\;C:\Program Files\CodeBlocks\MinGW\bin;C:\Program Files\CMake\bin;C:\Program Files (x86)\Microsoft SQL Server\Client SDK\ODBC\110\Tools\Binn\;C:\Program Files (x86)\Microsoft SQL Server\120\DTS\Binn\;C:\Program Files (x86)\Siemens\Automation\SCADA-RT_V11\WinCC\Interfaces;C:\Program Files (x86)\Common Files\Siemens\;C:\Program Files (x86)\Common Files\Siemens\Interfaces;C:\Program Files (x86)\Common Files\Siemens\ACE\Interfaces;C:\msys64\mingw64\bin;C:\Program Files (x86)\Windows Kits\10\Windows Performance Toolkit\;C:\Program Files\NVIDIA Corporation\NVIDIA app\NvDLISR;C:\MinGW\bin;C:\Program Files (x86)\Microsoft SQL Server\170\Tools\Binn\;C:\Program Files\Microsoft SQL Server\170\Tools\Binn\;C:\Program Files\Microsoft SQL Server\Client SDK\ODBC\180\Tools\Binn\;C:\Program Files\Microsoft SQL Server\170\DTS\Binn\;D:\;C:\Program Files\JetBrains\IntelliJ IDEA\plugins\maven\lib\maven3\bin;C:\Users\DELL\AppData\Local\Microsoft\WindowsApps;C:\Users\DELL\AppData\Local\Programs\Microsoft VS Code\bin;C:\Users\DELL\AppData\Local\Python\bin;C:\Users\DELL\AppData\Local\Microsoft\WindowsApps\python.exe;C:\Users\DELL\AppData\Roaming\npm
USERNAME=DELL
OS=Windows_NT
PROCESSOR_IDENTIFIER=Intel64 Family 6 Model 165 Stepping 2, GenuineIntel
TMP=C:\Users\DELL\AppData\Local\Temp
TEMP=C:\Users\DELL\AppData\Local\Temp




Periodic native trim disabled

---------------  S Y S T E M  ---------------

OS:
 Windows 11 , 64 bit Build 26100 (10.0.26100.8521)
OS uptime: 0 days 2:29 hours
Hyper-V role detected

CPU: total 8 (initial active 8) (4 cores per cpu, 2 threads per core) family 6 model 165 stepping 2 microcode 0x100, cx8, cmov, fxsr, ht, mmx, 3dnowpref, sse, sse2, sse3, ssse3, sse4.1, sse4.2, popcnt, lzcnt, tsc, tscinvbit, avx, avx2, aes, erms, clmul, bmi1, bmi2, adx, fma, vzeroupper, clflush, clflushopt, hv, rdtscp, f16c
Processor Information for the first 8 processors :
  Max Mhz: 2400, Current Mhz: 2400, Mhz Limit: 2400

Memory: 4k page, system-wide physical 7967M (563M free)
TotalPageFile size 17151M (AvailPageFile size 1M)
current process WorkingSet (physical memory assigned to process): 89M, peak: 89M
current process commit charge ("private bytes"): 232M, peak: 232M

vm_info: OpenJDK 64-Bit Server VM (23.0.2+9) for windows-amd64 JRE (23.0.2+9), built on 2025-01-22T12:12:37Z with MS VC++ 17.1 (VS2022)

END.
